2026-03-13 20:13:51,439  INFO      sdwan.main - SD-WAN automation starting - log: logs/sdwan_20260313_201351.log
2026-03-13 20:13:51,440  INFO      sdwan.client - Logging in to vManage at https://172.17.152.161 as 'admin'
2026-03-13 20:13:53,828  INFO      sdwan.client - Login successful
2026-03-13 20:13:53,828  INFO      sdwan.orchestrator - 
Running UC1 for site 'excel-site'
2026-03-13 20:13:53,829  INFO      sdwan.orchestrator - 
Running UC2 for site 'excel-site'
2026-03-13 20:13:53,969  INFO      sdwan.backup - Backup saved: backups/uc2_9e6a7423_20260313_201353.json
2026-03-13 20:13:55,292  INFO      sdwan.uc2 - Config preview unavailable; continuing without before/after diff capture
2026-03-13 20:13:55,606  INFO      sdwan.orchestrator - 
Running UC3 for site 'excel-site'
2026-03-13 20:13:55,607  INFO      sdwan.validation - UC3: physical→logical: GigabitEthernet0/0/0 → GigabitEthernet0/0/0.50
2026-03-13 20:13:55,670  INFO      sdwan.backup - Backup saved: backups/uc3_b4a36a7a_20260313_201355.json
2026-03-13 20:13:56,598  INFO      sdwan.client - Config preview not available from vManage; continuing without diff readback
2026-03-13 20:13:56,599  INFO      sdwan.orchestrator - 
Running UC4 for site 'excel-site'
2026-03-13 20:13:56,664  INFO      sdwan.backup - Backup saved: backups/uc4_b4a36a7a_20260313_201356.json
2026-03-13 20:13:58,753  INFO      sdwan.client - Config preview not available from vManage; continuing without diff readback
2026-03-13 20:13:58,914  INFO      sdwan.client - Logged out of vManage
2026-03-13 20:13:58,989  INFO      sdwan.report - Report saved: outputs/sdwan_report_excel-site_20260313_201358.xlsx
2026-03-13 20:13:58,989  INFO      sdwan.orchestrator - 
Report saved: outputs/sdwan_report_excel-site_20260313_201358.xlsx
