2026-03-14 07:44:40,973  INFO      sdwan.main - SD-WAN automation starting - log: logs/sdwan_20260314_074440.log
2026-03-14 07:44:46,218  INFO      sdwan.client - Logging in to vManage at https://172.17.152.161 as 'admin'
2026-03-14 07:44:47,470  INFO      sdwan.client - Login successful
2026-03-14 07:44:47,470  INFO      sdwan.orchestrator - 
Running UC1 for site 'excel-site'
2026-03-14 07:44:47,471  INFO      sdwan.orchestrator - 
Running UC2 for site 'excel-site'
2026-03-14 07:44:47,471  INFO      sdwan.state - State: excel-site.uc2 already deployed at 2026-03-13T20:14:28.998368 — idempotency skip
2026-03-14 07:44:47,471  INFO      sdwan.state - State cleared: excel-site.uc2
2026-03-14 07:44:47,609  INFO      sdwan.backup - Backup saved: backups/uc2_9e6a7423_20260314_074447.json
2026-03-14 07:44:49,084  INFO      sdwan.uc2 - Config preview unavailable; continuing without before/after diff capture
2026-03-14 07:44:49,306  INFO      sdwan.state - State saved: excel-site.uc2 = success
2026-03-14 07:44:49,307  INFO      sdwan.orchestrator - 
Running UC3 for site 'excel-site'
2026-03-14 07:44:49,307  INFO      sdwan.state - State: excel-site.uc3 already deployed at 2026-03-13T20:14:42.458801 — idempotency skip
2026-03-14 07:44:49,307  INFO      sdwan.state - State cleared: excel-site.uc3
2026-03-14 07:44:49,308  INFO      sdwan.validation - UC3: physical→logical: GigabitEthernet0/0/0 → GigabitEthernet0/0/0.50
2026-03-14 07:44:49,371  INFO      sdwan.backup - Backup saved: backups/uc3_b4a36a7a_20260314_074449.json
2026-03-14 07:44:50,306  INFO      sdwan.client - Config preview not available from vManage; continuing without diff readback
2026-03-14 07:44:51,308  INFO      sdwan.client - Deploy triggered — action_id: push_feature_template_configuration-4411b031-aba2-4e44-a2d9-5b231b27d048
2026-03-14 07:44:51,308  INFO      sdwan.client - Polling action push_feature_template_configuration-4411b031-aba2-4e44-a2d9-5b231b27d048 (timeout=180s)
2026-03-14 07:45:06,708  INFO      sdwan.client - Action push_feature_template_configuration-4411b031-aba2-4e44-a2d9-5b231b27d048 completed; vManage diff readback was unavailable
2026-03-14 07:45:07,561  INFO      sdwan.client - Config preview not available from vManage; continuing without diff readback
2026-03-14 07:45:07,562  INFO      sdwan.diff - Diff files saved: outputs/uc3_excel-site_20260314_074507_diff.txt
2026-03-14 07:45:07,563  INFO      sdwan.state - State saved: excel-site.uc3 = success
2026-03-14 07:45:07,563  INFO      sdwan.orchestrator - 
Running UC4 for site 'excel-site'
2026-03-14 07:45:07,564  INFO      sdwan.state - State: excel-site.uc4 already deployed at 2026-03-13T20:15:12.989978 — idempotency skip
2026-03-14 07:45:07,564  INFO      sdwan.state - State cleared: excel-site.uc4
2026-03-14 07:45:07,639  INFO      sdwan.backup - Backup saved: backups/uc4_b4a36a7a_20260314_074507.json
2026-03-14 07:45:08,819  INFO      sdwan.client - Config preview not available from vManage; continuing without diff readback
2026-03-14 07:45:09,660  INFO      sdwan.client - Deploy triggered — action_id: push_feature_template_configuration-d0341cd7-efcb-40f3-9343-c8832ee5e5e2
2026-03-14 07:45:09,660  INFO      sdwan.client - Polling action push_feature_template_configuration-d0341cd7-efcb-40f3-9343-c8832ee5e5e2 (timeout=180s)
2026-03-14 07:45:19,925  INFO      sdwan.client - Action push_feature_template_configuration-d0341cd7-efcb-40f3-9343-c8832ee5e5e2 completed; vManage diff readback was unavailable
2026-03-14 07:45:20,658  INFO      sdwan.client - Config preview not available from vManage; continuing without diff readback
2026-03-14 07:45:20,659  INFO      sdwan.diff - Diff files saved: outputs/uc4_excel-site_20260314_074520_diff.txt
2026-03-14 07:45:20,661  INFO      sdwan.state - State saved: excel-site.uc4 = success
2026-03-14 07:45:20,822  INFO      sdwan.client - Logged out of vManage
2026-03-14 07:45:20,926  INFO      sdwan.report - Report saved: outputs/sdwan_report_excel-site_20260314_074520.xlsx
2026-03-14 07:45:20,926  INFO      sdwan.orchestrator - 
Report saved: outputs/sdwan_report_excel-site_20260314_074520.xlsx
