2026-03-13 20:14:23,730  INFO      sdwan.main - SD-WAN automation starting - log: logs/sdwan_20260313_201423.log
2026-03-13 20:14:26,656  INFO      sdwan.client - Logging in to vManage at https://172.17.152.161 as 'admin'
2026-03-13 20:14:27,803  INFO      sdwan.client - Login successful
2026-03-13 20:14:27,803  INFO      sdwan.orchestrator - 
Running UC1 for site 'excel-site'
2026-03-13 20:14:27,804  INFO      sdwan.orchestrator - 
Running UC2 for site 'excel-site'
2026-03-13 20:14:27,891  INFO      sdwan.backup - Backup saved: backups/uc2_9e6a7423_20260313_201427.json
2026-03-13 20:14:28,933  INFO      sdwan.uc2 - Config preview unavailable; continuing without before/after diff capture
2026-03-13 20:14:28,998  INFO      sdwan.state - State saved: excel-site.uc2 = success
2026-03-13 20:14:28,999  INFO      sdwan.orchestrator - 
Running UC3 for site 'excel-site'
2026-03-13 20:14:28,999  INFO      sdwan.validation - UC3: physical→logical: GigabitEthernet0/0/0 → GigabitEthernet0/0/0.50
2026-03-13 20:14:29,055  INFO      sdwan.backup - Backup saved: backups/uc3_b4a36a7a_20260313_201429.json
2026-03-13 20:14:29,989  INFO      sdwan.client - Config preview not available from vManage; continuing without diff readback
2026-03-13 20:14:31,063  INFO      sdwan.client - Deploy triggered — action_id: push_feature_template_configuration-2c363723-c091-4ad4-9480-509a899bf767
2026-03-13 20:14:31,064  INFO      sdwan.client - Polling action push_feature_template_configuration-2c363723-c091-4ad4-9480-509a899bf767 (timeout=180s)
2026-03-13 20:14:41,305  INFO      sdwan.client - Action push_feature_template_configuration-2c363723-c091-4ad4-9480-509a899bf767 completed; vManage diff readback was unavailable
2026-03-13 20:14:42,457  INFO      sdwan.client - Config preview not available from vManage; continuing without diff readback
2026-03-13 20:14:42,458  INFO      sdwan.diff - Diff files saved: outputs/uc3_excel-site_20260313_201442_diff.txt
2026-03-13 20:14:42,459  INFO      sdwan.state - State saved: excel-site.uc3 = success
2026-03-13 20:14:42,459  INFO      sdwan.orchestrator - 
Running UC4 for site 'excel-site'
2026-03-13 20:14:42,528  INFO      sdwan.backup - Backup saved: backups/uc4_b4a36a7a_20260313_201442.json
2026-03-13 20:14:43,367  INFO      sdwan.client - Config preview not available from vManage; continuing without diff readback
2026-03-13 20:14:44,308  INFO      sdwan.client - Deploy triggered — action_id: push_feature_template_configuration-6aca4774-9ab1-4651-99e9-edc5809a5ec9
2026-03-13 20:14:44,309  INFO      sdwan.client - Polling action push_feature_template_configuration-6aca4774-9ab1-4651-99e9-edc5809a5ec9 (timeout=180s)
2026-03-13 20:15:11,776  INFO      sdwan.client - Action push_feature_template_configuration-6aca4774-9ab1-4651-99e9-edc5809a5ec9 completed; vManage diff readback was unavailable
2026-03-13 20:15:12,988  INFO      sdwan.client - Config preview not available from vManage; continuing without diff readback
2026-03-13 20:15:12,989  INFO      sdwan.diff - Diff files saved: outputs/uc4_excel-site_20260313_201512_diff.txt
2026-03-13 20:15:12,990  INFO      sdwan.state - State saved: excel-site.uc4 = success
2026-03-13 20:15:13,154  INFO      sdwan.client - Logged out of vManage
2026-03-13 20:15:13,242  INFO      sdwan.report - Report saved: outputs/sdwan_report_excel-site_20260313_201513.xlsx
2026-03-13 20:15:13,242  INFO      sdwan.orchestrator - 
Report saved: outputs/sdwan_report_excel-site_20260313_201513.xlsx
